../Core/Src/main.c:64:6:MotorA_Set	16	static
../Core/Src/main.c:88:6:DWT_Init	4	static
../Core/Src/main.c:96:6:Delay_us	24	static
../Core/Src/main.c:102:10:Ultrasonic_ReadCM	32	static
../Core/Src/main.c:125:6:MotorB_Set	16	static
../Core/Src/main.c:149:5:main	16	static
../Core/Src/main.c:340:6:SystemClock_Config	88	static
../Core/Src/main.c:382:13:MX_TIM2_Init	48	static
../Core/Src/main.c:431:13:MX_TIM5_Init	64	static
../Core/Src/main.c:490:13:MX_USART1_UART_Init	8	static
../Core/Src/main.c:523:13:MX_GPIO_Init	40	static
../Core/Src/main.c:575:6:Error_Handler	4	static,ignoring_inline_asm
